// Jest Snapshot v1, https://goo.gl/fbAQLP

exports[`take snap of App component 1`] = `ShallowWrapper {}`;
